<html>
<body>
<pre>
<h1>µVision Build Log</h1>
<h2>Project:</h2>
C:\Users\matsuzawa\Dropbox\was robot\ê›åvêªçÏò_2TA\mbed_project_SEISAKURON2\mbed_project.uvproj
Project File Date:  03/15/2016

<h2>Output:</h2>
*** Note: Rebuilding project, since 'Options->Output->Create Batch File' is selected.
Rebuild target 'mbed NXP LPC1114'
compiling main.cpp...
main.cpp(65): warning:  #177-D: variable "speed_left" was declared but never referenced
        double speed_left = move_per_pulse * enc_left / sampling_time;
main.cpp(66): warning:  #177-D: variable "speed_right" was declared but never referenced
        double speed_right = move_per_pulse * enc_right / sampling_time;
main.cpp(222): warning:  #1-D: last line of file ends without a newline
  }
main.cpp: 3 warnings, 0 errors
compiling SoftwarePWM.cpp...
compiling Motor.cpp...
compiling Sound.cpp...
compiling QEI.cpp...
linking...
Program Size: Code=16944 RO-data=2504 RW-data=524 ZI-data=1508  
FromELF: creating hex file...
After Build - User command #1: fromelf --bin -o mbed_project_LPC1114.bin build\mbed_project.axf
".\build\mbed_project.axf" - 0 Error(s), 3 Warning(s).
"auto_write.bat" 
</pre>
</body>
</html>
 command #1: fromelf --bin -o mbed_project_LPC1114.bin build\mbed_project.axf
".\build\mbed_project.axf" - 0 Error(s), 4 Warning(s).
"auto_write.bat" 
